it works!
it works!
it works!
it works!
it works!
it works!
it works!
it works!
it works!
it works!
it works!
it works!
FINALE TEST!!
GOOOOD
JUST cool
JUST cool
Anouther test
